0 verbose cli C:\Program Files\nodejs\node.exe C:\Users\skk88\AppData\Roaming\npm\node_modules\npm\bin\npm-cli.js
1 info using npm@11.15.0
2 info using node@v24.13.1
3 silly config load:file:C:\Users\skk88\AppData\Roaming\npm\node_modules\npm\npmrc
4 silly config load:file:C:\projects\genai\DOMAIN_SPECIFIC_RAG\frontend\.npmrc
5 silly config load:file:C:\Users\skk88\.npmrc
6 silly config load:file:C:\Users\skk88\AppData\Roaming\npm\etc\npmrc
7 verbose title npm install
8 verbose argv "install"
9 verbose logfile logs-max:10 dir:C:\projects\genai\DOMAIN_SPECIFIC_RAG\frontend\clean\_logs\2026-06-01T16_45_53_550Z-
10 verbose logfile C:\projects\genai\DOMAIN_SPECIFIC_RAG\frontend\clean\_logs\2026-06-01T16_45_53_550Z-debug-0.log
11 silly logfile done cleaning log files
12 silly packumentCache heap:4496293888 maxSize:1124073472 maxEntrySize:562036736
13 verbose shrinkwrap failed to load node_modules/.package-lock.json out of date, updated: node_modules
14 silly idealTree buildDeps
15 warn EBADENGINE Unsupported engine {
15 warn EBADENGINE   package: 'got@5.7.1',
15 warn EBADENGINE   required: { node: '>=0.10.0 <7' },
15 warn EBADENGINE   current: { node: 'v24.13.1', npm: '11.15.0' }
15 warn EBADENGINE }
16 silly reify moves {}
17 silly audit bulk request {
17 silly audit   '@babel/code-frame': [ '7.29.7' ],
17 silly audit   '@babel/compat-data': [ '7.29.7' ],
17 silly audit   '@babel/core': [ '7.29.7' ],
17 silly audit   '@babel/generator': [ '7.29.7' ],
17 silly audit   '@babel/helper-compilation-targets': [ '7.29.7' ],
17 silly audit   '@babel/helper-globals': [ '7.29.7' ],
17 silly audit   '@babel/helper-module-imports': [ '7.29.7' ],
17 silly audit   '@babel/helper-module-transforms': [ '7.29.7' ],
17 silly audit   '@babel/helper-plugin-utils': [ '7.29.7' ],
17 silly audit   '@babel/helper-string-parser': [ '7.29.7' ],
17 silly audit   '@babel/helper-validator-identifier': [ '7.29.7' ],
17 silly audit   '@babel/helper-validator-option': [ '7.29.7' ],
17 silly audit   '@babel/helpers': [ '7.29.7' ],
17 silly audit   '@babel/parser': [ '7.29.7' ],
17 silly audit   '@babel/plugin-transform-react-jsx-self': [ '7.29.7' ],
17 silly audit   '@babel/plugin-transform-react-jsx-source': [ '7.29.7' ],
17 silly audit   '@babel/template': [ '7.29.7' ],
17 silly audit   '@babel/traverse': [ '7.29.7' ],
17 silly audit   '@babel/types': [ '7.29.7' ],
17 silly audit   '@esbuild/aix-ppc64': [ '0.25.12' ],
17 silly audit   '@esbuild/android-arm': [ '0.25.12' ],
17 silly audit   '@esbuild/android-arm64': [ '0.25.12' ],
17 silly audit   '@esbuild/android-x64': [ '0.25.12' ],
17 silly audit   '@esbuild/darwin-arm64': [ '0.25.12' ],
17 silly audit   '@esbuild/darwin-x64': [ '0.25.12' ],
17 silly audit   '@esbuild/freebsd-arm64': [ '0.25.12' ],
17 silly audit   '@esbuild/freebsd-x64': [ '0.25.12' ],
17 silly audit   '@esbuild/linux-arm': [ '0.25.12' ],
17 silly audit   '@esbuild/linux-arm64': [ '0.25.12' ],
17 silly audit   '@esbuild/linux-ia32': [ '0.25.12' ],
17 silly audit   '@esbuild/linux-loong64': [ '0.25.12' ],
17 silly audit   '@esbuild/linux-mips64el': [ '0.25.12' ],
17 silly audit   '@esbuild/linux-ppc64': [ '0.25.12' ],
17 silly audit   '@esbuild/linux-riscv64': [ '0.25.12' ],
17 silly audit   '@esbuild/linux-s390x': [ '0.25.12' ],
17 silly audit   '@esbuild/linux-x64': [ '0.25.12' ],
17 silly audit   '@esbuild/netbsd-arm64': [ '0.25.12' ],
17 silly audit   '@esbuild/netbsd-x64': [ '0.25.12' ],
17 silly audit   '@esbuild/openbsd-arm64': [ '0.25.12' ],
17 silly audit   '@esbuild/openbsd-x64': [ '0.25.12' ],
17 silly audit   '@esbuild/openharmony-arm64': [ '0.25.12' ],
17 silly audit   '@esbuild/sunos-x64': [ '0.25.12' ],
17 silly audit   '@esbuild/win32-arm64': [ '0.25.12' ],
17 silly audit   '@esbuild/win32-ia32': [ '0.25.12' ],
17 silly audit   '@esbuild/win32-x64': [ '0.25.12' ],
17 silly audit   '@jridgewell/gen-mapping': [ '0.3.13' ],
17 silly audit   '@jridgewell/remapping': [ '2.3.5' ],
17 silly audit   '@jridgewell/resolve-uri': [ '3.1.2' ],
17 silly audit   '@jridgewell/sourcemap-codec': [ '1.5.5' ],
17 silly audit   '@jridgewell/trace-mapping': [ '0.3.31' ],
17 silly audit   '@rolldown/pluginutils': [ '1.0.0-beta.27' ],
17 silly audit   '@rollup/rollup-android-arm-eabi': [ '4.60.4' ],
17 silly audit   '@rollup/rollup-android-arm64': [ '4.60.4' ],
17 silly audit   '@rollup/rollup-darwin-arm64': [ '4.60.4' ],
17 silly audit   '@rollup/rollup-darwin-x64': [ '4.60.4' ],
17 silly audit   '@rollup/rollup-freebsd-arm64': [ '4.60.4' ],
17 silly audit   '@rollup/rollup-freebsd-x64': [ '4.60.4' ],
17 silly audit   '@rollup/rollup-linux-arm-gnueabihf': [ '4.60.4' ],
17 silly audit   '@rollup/rollup-linux-arm-musleabihf': [ '4.60.4' ],
17 silly audit   '@rollup/rollup-linux-arm64-gnu': [ '4.60.4' ],
17 silly audit   '@rollup/rollup-linux-arm64-musl': [ '4.60.4' ],
17 silly audit   '@rollup/rollup-linux-loong64-gnu': [ '4.60.4' ],
17 silly audit   '@rollup/rollup-linux-loong64-musl': [ '4.60.4' ],
17 silly audit   '@rollup/rollup-linux-ppc64-gnu': [ '4.60.4' ],
17 silly audit   '@rollup/rollup-linux-ppc64-musl': [ '4.60.4' ],
17 silly audit   '@rollup/rollup-linux-riscv64-gnu': [ '4.60.4' ],
17 silly audit   '@rollup/rollup-linux-riscv64-musl': [ '4.60.4' ],
17 silly audit   '@rollup/rollup-linux-s390x-gnu': [ '4.60.4' ],
17 silly audit   '@rollup/rollup-linux-x64-gnu': [ '4.60.4' ],
17 silly audit   '@rollup/rollup-linux-x64-musl': [ '4.60.4' ],
17 silly audit   '@rollup/rollup-openbsd-x64': [ '4.60.4' ],
17 silly audit   '@rollup/rollup-openharmony-arm64': [ '4.60.4' ],
17 silly audit   '@rollup/rollup-win32-arm64-msvc': [ '4.60.4' ],
17 silly audit   '@rollup/rollup-win32-ia32-msvc': [ '4.60.4' ],
17 silly audit   '@rollup/rollup-win32-x64-gnu': [ '4.60.4' ],
17 silly audit   '@rollup/rollup-win32-x64-msvc': [ '4.60.4' ],
17 silly audit   '@types/babel__core': [ '7.20.5' ],
17 silly audit   '@types/babel__generator': [ '7.27.0' ],
17 silly audit   '@types/babel__template': [ '7.4.4' ],
17 silly audit   '@types/babel__traverse': [ '7.28.0' ],
17 silly audit   '@types/estree': [ '1.0.8' ],
17 silly audit   '@types/node': [ '25.9.1' ],
17 silly audit   '@vitejs/plugin-react': [ '4.7.0' ],
17 silly audit   '@xmldom/xmldom': [ '0.8.13' ],
17 silly audit   accepts: [ '1.3.8' ],
17 silly audit   'adler-32': [ '1.3.1' ],
17 silly audit   'adm-zip': [ '0.4.16' ],
17 silly audit   'append-field': [ '1.0.0' ],
17 silly audit   argparse: [ '1.0.10' ],
17 silly audit   'array-find-index': [ '1.0.2' ],
17 silly audit   'array-flatten': [ '1.1.1' ],
17 silly audit   babyparse: [ '0.2.1' ],
17 silly audit   'base64-js': [ '1.5.1' ],
17 silly audit   'baseline-browser-mapping': [ '2.10.32' ],
17 silly audit   bluebird: [ '3.4.7', '3.7.2' ],
17 silly audit   'body-parser': [ '1.20.5' ],
17 silly audit   debug: [ '2.6.9', '4.4.3' ],
17 silly audit   ms: [ '2.0.0', '2.1.3' ],
17 silly audit   boolbase: [ '1.0.0' ],
17 silly audit   browserslist: [ '4.28.2' ],
17 silly audit   'buffer-crc32': [ '0.2.13' ],
17 silly audit   'buffer-from': [ '1.1.2' ],
17 silly audit   busboy: [ '1.6.0' ],
17 silly audit   bytes: [ '3.1.2' ],
17 silly audit   'call-bind-apply-helpers': [ '1.0.2' ],
17 silly audit   'call-bound': [ '1.0.4' ],
17 silly audit   camelcase: [ '2.1.1' ],
17 silly audit   'camelcase-keys': [ '2.1.0' ],
17 silly audit   'caniuse-lite': [ '1.0.30001793' ],
17 silly audit   'capture-stack-trace': [ '1.0.2' ],
17 silly audit   cfb: [ '0.11.1' ],
17 silly audit   cheerio: [ '1.0.0-rc.2' ],
17 silly audit   chromadb: [ '3.4.3' ],
17 silly audit   'chromadb-js-bindings-darwin-arm64': [ '1.3.4' ],
17 silly audit   'chromadb-js-bindings-darwin-x64': [ '1.3.4' ],
17 silly audit   'chromadb-js-bindings-linux-arm64-gnu': [ '1.3.4' ],
17 silly audit   'chromadb-js-bindings-linux-x64-gnu': [ '1.3.4' ],
17 silly audit   'chromadb-js-bindings-win32-x64-msvc': [ '1.3.4' ],
17 silly audit   semver: [ '7.8.1', '5.7.2', '6.3.1' ],
17 silly audit   codepage: [ '1.15.0', '1.3.8' ],
17 silly audit   colors: [ '0.6.2' ],
17 silly audit   commander: [ '14.0.3' ],
17 silly audit   'concat-stream': [ '1.6.2' ],
17 silly audit   'content-disposition': [ '0.5.4' ],
17 silly audit   'content-type': [ '1.0.5' ],
17 silly audit   'convert-source-map': [ '2.0.0' ],
17 silly audit   cookie: [ '0.7.2' ],
17 silly audit   'cookie-signature': [ '1.0.7' ],
17 silly audit   'core-util-is': [ '1.0.3' ],
17 silly audit   cors: [ '2.8.6' ],
17 silly audit   'crc-32': [ '1.2.2' ],
17 silly audit   'create-error-class': [ '3.0.2' ],
17 silly audit   'css-select': [ '1.2.0' ],
17 silly audit   'css-what': [ '2.1.3' ],
17 silly audit   'currently-unhandled': [ '0.4.1' ],
17 silly audit   decamelize: [ '1.2.0' ],
17 silly audit   depd: [ '2.0.0' ],
17 silly audit   destroy: [ '1.2.0' ],
17 silly audit   'dingbat-to-unicode': [ '1.0.1' ],
17 silly audit   'dom-serializer': [ '0.1.1' ],
17 silly audit   domelementtype: [ '1.3.1' ],
17 silly audit   domhandler: [ '2.4.2' ],
17 silly audit   domutils: [ '1.5.1' ],
17 silly audit   dotenv: [ '16.6.1' ],
17 silly audit   duck: [ '0.1.12' ],
17 silly audit   'dunder-proto': [ '1.0.1' ],
17 silly audit   duplexer2: [ '0.1.4' ],
17 silly audit   'ee-first': [ '1.1.1' ],
17 silly audit   'electron-to-chromium': [ '1.5.361' ],
17 silly audit   encodeurl: [ '2.0.0' ],
17 silly audit   entities: [ '1.1.2' ],
17 silly audit   epub2: [ '1.3.4' ],
17 silly audit   'error-ex': [ '1.3.4' ],
17 silly audit   'es-define-property': [ '1.0.1' ],
17 silly audit   'es-errors': [ '1.3.0' ],
17 silly audit   'es-object-atoms': [ '1.1.2' ],
17 silly audit   esbuild: [ '0.25.12' ],
17 silly audit   escalade: [ '3.2.0' ],
17 silly audit   'escape-html': [ '1.0.3' ],
17 silly audit   etag: [ '1.8.1' ],
17 silly audit   eventemitter3: [ '4.0.7' ],
17 silly audit   'exit-on-epipe': [ '1.0.1' ],
17 silly audit   express: [ '4.22.2' ],
17 silly audit   'fd-slicer': [ '1.0.1' ],
17 silly audit   fdir: [ '6.5.0' ],
17 silly audit   finalhandler: [ '1.3.2' ],
17 silly audit   'find-up': [ '1.1.2' ],
17 silly audit   forwarded: [ '0.2.0' ],
17 silly audit   frac: [ '0.3.1' ],
17 silly audit   fresh: [ '0.5.2' ],
17 silly audit   fsevents: [ '2.3.3' ],
17 silly audit   'function-bind': [ '1.1.2' ],
17 silly audit   gensync: [ '1.0.0-beta.2' ],
17 silly audit   'get-intrinsic': [ '1.3.0' ],
17 silly audit   'get-proto': [ '1.0.1' ],
17 silly audit   'get-stdin': [ '4.0.1' ],
17 silly audit   gopd: [ '1.2.0' ],
17 silly audit   got: [ '5.7.1' ],
17 silly audit   'graceful-fs': [ '4.2.11' ],
17 silly audit   harb: [ '0.0.7' ],
17 silly audit   'has-symbols': [ '1.1.0' ],
17 silly audit   hasown: [ '2.0.3' ],
17 silly audit   'hosted-git-info': [ '2.8.9' ],
17 silly audit   'html-entities': [ '1.2.0' ],
17 silly audit   htmlparser2: [ '3.10.1' ],
17 silly audit   'readable-stream': [ '3.6.2', '2.3.8' ],
17 silly audit   'http-errors': [ '2.0.1' ],
17 silly audit   'iconv-lite': [ '0.4.24', '0.4.15' ],
17 silly audit   immediate: [ '3.0.6' ],
17 silly audit   'indent-string': [ '2.1.0' ],
17 silly audit   inherits: [ '2.0.4' ],
17 silly audit   'ipaddr.js': [ '1.9.1' ],
17 silly audit   'is-arrayish': [ '0.2.1' ],
17 silly audit   'is-core-module': [ '2.16.2' ],
17 silly audit   'is-finite': [ '1.1.0' ],
17 silly audit   'is-redirect': [ '1.0.0' ],
17 silly audit   'is-retry-allowed': [ '1.2.0' ],
17 silly audit   'is-stream': [ '1.1.0' ],
17 silly audit   'is-utf8': [ '0.2.1' ],
17 silly audit   isarray: [ '1.0.0' ],
17 silly audit   j: [ '0.4.3' ],
17 silly audit   'js-tokens': [ '4.0.0' ],
17 silly audit   jschardet: [ '1.4.1' ],
17 silly audit   jsesc: [ '3.1.0' ],
17 silly audit   json5: [ '2.2.3' ],
17 silly audit   jszip: [ '3.10.1', '2.4.0' ],
17 silly audit   langsmith: [ '0.7.2' ],
17 silly audit   lie: [ '3.3.0' ],
17 silly audit   'load-json-file': [ '1.1.0' ],
17 silly audit   lodash: [ '4.18.1' ],
17 silly audit   'loose-envify': [ '1.4.0' ],
17 silly audit   lop: [ '0.4.2' ],
17 silly audit   'loud-rejection': [ '1.6.0' ],
17 silly audit   'lowercase-keys': [ '1.0.1' ],
17 silly audit   'lru-cache': [ '5.1.1' ],
17 silly audit   mammoth: [ '1.12.0' ],
17 silly audit   'map-obj': [ '1.0.1' ],
17 silly audit   marked: [ '0.6.2' ],
17 silly audit   'math-intrinsics': [ '1.1.0' ],
17 silly audit   'media-typer': [ '0.3.0' ],
17 silly audit   meow: [ '3.7.0' ],
17 silly audit   'merge-descriptors': [ '1.0.3' ],
17 silly audit   methods: [ '1.1.2' ],
17 silly audit   mime: [ '1.6.0', '2.2.0' ],
17 silly audit   'mime-db': [ '1.52.0' ],
17 silly audit   'mime-types': [ '2.1.35' ],
17 silly audit   minimist: [ '1.2.8' ],
17 silly audit   mkdirp: [ '0.5.6' ],
17 silly audit   multer: [ '1.4.5-lts.2' ],
17 silly audit   nanoid: [ '3.3.12' ],
17 silly audit   negotiator: [ '0.6.3' ],
17 silly audit   'node-ensure': [ '0.0.0' ],
17 silly audit   'node-releases': [ '2.0.46' ],
17 silly audit   'node-status-codes': [ '1.0.0' ],
17 silly audit   'normalize-package-data': [ '2.5.0' ],
17 silly audit   'nth-check': [ '1.0.2' ],
17 silly audit   'object-assign': [ '4.1.1' ],
17 silly audit   'object-inspect': [ '1.13.4' ],
17 silly audit   'on-finished': [ '2.4.1' ],
17 silly audit   option: [ '0.2.4' ],
17 silly audit   'p-finally': [ '1.0.0' ],
17 silly audit   'p-queue': [ '6.6.2' ],
17 silly audit   'p-timeout': [ '3.2.0' ],
17 silly audit   pako: [ '1.0.11', '0.2.9' ],
17 silly audit   'parse-json': [ '2.2.0' ],
17 silly audit   parse5: [ '3.0.3' ],
17 silly audit   parseurl: [ '1.3.3' ],
17 silly audit   'path-exists': [ '2.1.0' ],
17 silly audit   'path-is-absolute': [ '1.0.1' ],
17 silly audit   'path-parse': [ '1.0.7' ],
17 silly audit   'path-to-regexp': [ '0.1.13' ],
17 silly audit   'path-type': [ '1.1.0' ],
17 silly audit   'pdf-parse': [ '1.1.4' ],
17 silly audit   'pdf-text-extract': [ '1.3.1' ],
17 silly audit   pend: [ '1.2.0' ],
17 silly audit   picocolors: [ '1.1.1' ],
17 silly audit   picomatch: [ '4.0.4' ],
17 silly audit   pify: [ '2.3.0' ],
17 silly audit   pinkie: [ '2.0.4' ],
17 silly audit   'pinkie-promise': [ '2.0.1' ],
17 silly audit   postcss: [ '8.5.15' ],
17 silly audit   'prepend-http': [ '1.0.4' ],
17 silly audit   'process-nextick-args': [ '2.0.1' ],
17 silly audit   'proxy-addr': [ '2.0.7' ],
17 silly audit   qs: [ '6.15.2' ],
17 silly audit   'range-parser': [ '1.2.1' ],
17 silly audit   'raw-body': [ '2.5.3' ],
17 silly audit   react: [ '18.3.1' ],
17 silly audit   'react-dom': [ '18.3.1' ],
17 silly audit   'react-refresh': [ '0.17.0' ],
17 silly audit   'read-all-stream': [ '3.1.0' ],
17 silly audit   'read-pkg': [ '1.1.0' ],
17 silly audit   'read-pkg-up': [ '1.0.1' ],
17 silly audit   'safe-buffer': [ '5.1.2', '5.2.1' ],
17 silly audit   redent: [ '1.0.0' ],
17 silly audit   repeating: [ '2.0.1' ],
17 silly audit   resolve: [ '1.22.12' ],
17 silly audit   rollup: [ '4.60.4' ],
17 silly audit   'safer-buffer': [ '2.1.2' ],
17 silly audit   sax: [ '1.6.0' ],
17 silly audit   scheduler: [ '0.23.2' ],
17 silly audit   send: [ '0.19.2' ],
17 silly audit   'serve-static': [ '1.16.3' ],
17 silly audit   setimmediate: [ '1.0.5' ],
17 silly audit   setprototypeof: [ '1.2.0' ],
17 silly audit   'side-channel': [ '1.1.0' ],
17 silly audit   'side-channel-list': [ '1.0.1' ],
17 silly audit   'side-channel-map': [ '1.0.1' ],
17 silly audit   'side-channel-weakmap': [ '1.0.2' ],
17 silly audit   'signal-exit': [ '3.0.7' ],
17 silly audit   'source-map-js': [ '1.2.1' ],
17 silly audit   'spdx-correct': [ '3.2.0' ],
17 silly audit   'spdx-exceptions': [ '2.5.0' ],
17 silly audit   'spdx-expression-parse': [ '3.0.1' ],
17 silly audit   'spdx-license-ids': [ '3.0.23' ],
17 silly audit   'sprintf-js': [ '1.0.3' ],
17 silly audit   ssf: [ '0.8.2' ],
17 silly audit   statuses: [ '2.0.2' ],
17 silly audit   streamsearch: [ '1.1.0' ],
17 silly audit   string_decoder: [ '1.1.1' ],
17 silly audit   'strip-bom': [ '2.0.0' ],
17 silly audit   'strip-indent': [ '1.0.1' ],
17 silly audit   'supports-preserve-symlinks-flag': [ '1.0.0' ],
17 silly audit   textract: [ '2.5.0' ],
17 silly audit   'timed-out': [ '3.1.3' ],
17 silly audit   tinyglobby: [ '0.2.16' ],
17 silly audit   toidentifier: [ '1.0.1' ],
17 silly audit   'trim-newlines': [ '1.0.0' ],
17 silly audit   'type-is': [ '1.6.18' ],
17 silly audit   typedarray: [ '0.0.6' ],
17 silly audit   underscore: [ '1.13.8' ],
17 silly audit   'undici-types': [ '7.24.6' ],
17 silly audit   unpipe: [ '1.0.0' ],
17 silly audit   'unzip-response': [ '1.0.2' ],
17 silly audit   'update-browserslist-db': [ '1.2.3' ],
17 silly audit   'url-parse-lax': [ '1.0.0' ],
17 silly audit   'util-deprecate': [ '1.0.2' ],
17 silly audit   'utils-merge': [ '1.0.1' ],
17 silly audit   'validate-npm-package-license': [ '3.0.4' ],
17 silly audit   vary: [ '1.1.2' ],
17 silly audit   vite: [ '6.4.2' ],
17 silly audit   voc: [ '1.2.0' ],
17 silly audit   xlsjs: [ '0.7.6' ],
17 silly audit   xlsx: [ '0.7.12' ],
17 silly audit   xml2js: [ '0.4.23' ],
17 silly audit   xmlbuilder: [ '11.0.1', '10.1.1' ],
17 silly audit   xmldom: [ '0.1.27' ],
17 silly audit   xpath: [ '0.0.23' ],
17 silly audit   xtend: [ '4.0.2' ],
17 silly audit   yallist: [ '3.1.1' ],
17 silly audit   yargs: [ '1.3.3' ],
17 silly audit   yauzl: [ '2.7.0' ]
17 silly audit }
18 http fetch POST 200 https://registry.npmjs.org/-/npm/v1/security/advisories/bulk 1199ms
19 silly audit report {
19 silly audit report   got: [
19 silly audit report     {
19 silly audit report       id: 1088948,
19 silly audit report       url: 'https://github.com/advisories/GHSA-pfrx-2q88-qq97',
19 silly audit report       title: 'Got allows a redirect to a UNIX socket',
19 silly audit report       severity: 'moderate',
19 silly audit report       vulnerable_versions: '<11.8.5',
19 silly audit report       cwe: [],
19 silly audit report       cvss: [Object]
19 silly audit report     }
19 silly audit report   ],
19 silly audit report   jszip: [
19 silly audit report     {
19 silly audit report       id: 1100538,
19 silly audit report       url: 'https://github.com/advisories/GHSA-36fh-84j7-cv5h',
19 silly audit report       title: 'JSZip contains Path Traversal via loadAsync',
19 silly audit report       severity: 'moderate',
19 silly audit report       vulnerable_versions: '<3.8.0',
19 silly audit report       cwe: [Array],
19 silly audit report       cvss: [Object]
19 silly audit report     },
19 silly audit report     {
19 silly audit report       id: 1094050,
19 silly audit report       url: 'https://github.com/advisories/GHSA-jg8v-48h5-wgxg',
19 silly audit report       title: 'jszip Vulnerable to Prototype Pollution',
19 silly audit report       severity: 'moderate',
19 silly audit report       vulnerable_versions: '<2.7.0',
19 silly audit report       cwe: [Array],
19 silly audit report       cvss: [Object]
19 silly audit report     }
19 silly audit report   ],
19 silly audit report   marked: [
19 silly audit report     {
19 silly audit report       id: 1095051,
19 silly audit report       url: 'https://github.com/advisories/GHSA-rrrm-qjm4-v8hf',
19 silly audit report       title: 'Inefficient Regular Expression Complexity in marked',
19 silly audit report       severity: 'high',
19 silly audit report       vulnerable_versions: '<4.0.10',
19 silly audit report       cwe: [Array],
19 silly audit report       cvss: [Object]
19 silly audit report     },
19 silly audit report     {
19 silly audit report       id: 1095052,
19 silly audit report       url: 'https://github.com/advisories/GHSA-5v2h-r2cx-5xgj',
19 silly audit report       title: 'Inefficient Regular Expression Complexity in marked',
19 silly audit report       severity: 'high',
19 silly audit report       vulnerable_versions: '<4.0.10',
19 silly audit report       cwe: [Array],
19 silly audit report       cvss: [Object]
19 silly audit report     },
19 silly audit report     {
19 silly audit report       id: 1091665,
19 silly audit report       url: 'https://github.com/advisories/GHSA-ch52-vgq2-943f',
19 silly audit report       title: 'Regular Expression Denial of Service in marked',
19 silly audit report       severity: 'low',
19 silly audit report       vulnerable_versions: '>=0.4.0 <0.7.0',
19 silly audit report       cwe: [Array],
19 silly audit report       cvss: [Object]
19 silly audit report     }
19 silly audit report   ],
19 silly audit report   'nth-check': [
19 silly audit report     {
19 silly audit report       id: 1095141,
19 silly audit report       url: 'https://github.com/advisories/GHSA-rp65-9cf3-cjxr',
19 silly audit report       title: 'Inefficient Regular Expression Complexity in nth-check',
19 silly audit report       severity: 'high',
19 silly audit report       vulnerable_versions: '<2.0.1',
19 silly audit report       cwe: [Array],
19 silly audit report       cvss: [Object]
19 silly audit report     }
19 silly audit report   ],
19 silly audit report   textract: [
19 silly audit report     {
19 silly audit report       id: 1115750,
19 silly audit report       url: 'https://github.com/advisories/GHSA-9pcj-m5rr-p28g',
19 silly audit report       title: 'textract is vulnerable to OS Command Injection',
19 silly audit report       severity: 'critical',
19 silly audit report       vulnerable_versions: '<=2.5.0',
19 silly audit report       cwe: [Array],
19 silly audit report       cvss: [Object]
19 silly audit report     }
19 silly audit report   ],
19 silly audit report   'trim-newlines': [
19 silly audit report     {
19 silly audit report       id: 1095100,
19 silly audit report       url: 'https://github.com/advisories/GHSA-7p7h-4mm5-852v',
19 silly audit report       title: 'Uncontrolled Resource Consumption in trim-newlines',
19 silly audit report       severity: 'high',
19 silly audit report       vulnerable_versions: '<3.0.1',
19 silly audit report       cwe: [Array],
19 silly audit report       cvss: [Object]
19 silly audit report     }
19 silly audit report   ],
19 silly audit report   xlsx: [
19 silly audit report     {
19 silly audit report       id: 1108110,
19 silly audit report       url: 'https://github.com/advisories/GHSA-4r6h-8v6p-xvw6',
19 silly audit report       title: 'Prototype Pollution in sheetJS',
19 silly audit report       severity: 'high',
19 silly audit report       vulnerable_versions: '<0.19.3',
19 silly audit report       cwe: [Array],
19 silly audit report       cvss: [Object]
19 silly audit report     },
19 silly audit report     {
19 silly audit report       id: 1108111,
19 silly audit report       url: 'https://github.com/advisories/GHSA-5pgg-2g8v-p4x9',
19 silly audit report       title: 'SheetJS Regular Expression Denial of Service (ReDoS)',
19 silly audit report       severity: 'high',
19 silly audit report       vulnerable_versions: '<0.20.2',
19 silly audit report       cwe: [Array],
19 silly audit report       cvss: [Object]
19 silly audit report     },
19 silly audit report     {
19 silly audit report       id: 1089698,
19 silly audit report       url: 'https://github.com/advisories/GHSA-g973-978j-2c3p',
19 silly audit report       title: 'Denial of Service in SheetJS Pro',
19 silly audit report       severity: 'moderate',
19 silly audit report       vulnerable_versions: '<0.17.0',
19 silly audit report       cwe: [Array],
19 silly audit report       cvss: [Object]
19 silly audit report     },
19 silly audit report     {
19 silly audit report       id: 1089699,
19 silly audit report       url: 'https://github.com/advisories/GHSA-3x9f-74h4-2fqr',
19 silly audit report       title: 'Denial of Service in SheetJS Pro',
19 silly audit report       severity: 'moderate',
19 silly audit report       vulnerable_versions: '<0.17.0',
19 silly audit report       cwe: [Array],
19 silly audit report       cvss: [Object]
19 silly audit report     },
19 silly audit report     {
19 silly audit report       id: 1089700,
19 silly audit report       url: 'https://github.com/advisories/GHSA-8vcr-vxm8-293m',
19 silly audit report       title: 'Denial of Service in SheetsJS Pro',
19 silly audit report       severity: 'moderate',
19 silly audit report       vulnerable_versions: '<0.17.0',
19 silly audit report       cwe: [Array],
19 silly audit report       cvss: [Object]
19 silly audit report     }
19 silly audit report   ],
19 silly audit report   xml2js: [
19 silly audit report     {
19 silly audit report       id: 1096693,
19 silly audit report       url: 'https://github.com/advisories/GHSA-776f-qx25-q3cc',
19 silly audit report       title: 'xml2js is vulnerable to prototype pollution',
19 silly audit report       severity: 'moderate',
19 silly audit report       vulnerable_versions: '<0.5.0',
19 silly audit report       cwe: [Array],
19 silly audit report       cvss: [Object]
19 silly audit report     }
19 silly audit report   ],
19 silly audit report   xmldom: [
19 silly audit report     {
19 silly audit report       id: 1096547,
19 silly audit report       url: 'https://github.com/advisories/GHSA-5fg8-2547-mr8q',
19 silly audit report       title: 'Misinterpretation of malicious XML input',
19 silly audit report       severity: 'moderate',
19 silly audit report       vulnerable_versions: '<=0.6.0',
19 silly audit report       cwe: [Array],
19 silly audit report       cvss: [Object]
19 silly audit report     },
19 silly audit report     {
19 silly audit report       id: 1117098,
19 silly audit report       url: 'https://github.com/advisories/GHSA-wh4c-j3r5-mjhp',
19 silly audit report       title: 'xmldom: XML injection via unsafe CDATA serialization allows attacker-controlled markup insertion',
19 silly audit report       severity: 'high',
19 silly audit report       vulnerable_versions: '<=0.6.0',
19 silly audit report       cwe: [Array],
19 silly audit report       cvss: [Object]
19 silly audit report     },
19 silly audit report     {
19 silly audit report       id: 1117892,
19 silly audit report       url: 'https://github.com/advisories/GHSA-2v35-w6hq-6mfw',
19 silly audit report       title: 'xmldom: Uncontrolled recursion in XML serialization leads to DoS',
19 silly audit report       severity: 'high',
19 silly audit report       vulnerable_versions: '<=0.6.0',
19 silly audit report       cwe: [Array],
19 silly audit report       cvss: [Object]
19 silly audit report     },
19 silly audit report     {
19 silly audit report       id: 1117895,
19 silly audit report       url: 'https://github.com/advisories/GHSA-f6ww-3ggp-fr8h',
19 silly audit report       title: 'xmldom has XML injection through unvalidated DocumentType serialization',
19 silly audit report       severity: 'high',
19 silly audit report       vulnerable_versions: '<=0.6.0',
19 silly audit report       cwe: [Array],
19 silly audit report       cvss: [Object]
19 silly audit report     },
19 silly audit report     {
19 silly audit report       id: 1117898,
19 silly audit report       url: 'https://github.com/advisories/GHSA-x6wf-f3px-wcqx',
19 silly audit report       title: 'xmldom has XML node injection through unvalidated processing instruction serialization',
19 silly audit report       severity: 'high',
19 silly audit report       vulnerable_versions: '<=0.6.0',
19 silly audit report       cwe: [Array],
19 silly audit report       cvss: [Object]
19 silly audit report     },
19 silly audit report     {
19 silly audit report       id: 1117901,
19 silly audit report       url: 'https://github.com/advisories/GHSA-j759-j44w-7fr8',
19 silly audit report       title: 'xmldom has XML node injection through unvalidated comment serialization',
19 silly audit report       severity: 'high',
19 silly audit report       vulnerable_versions: '<=0.6.0',
19 silly audit report       cwe: [Array],
19 silly audit report       cvss: [Object]
19 silly audit report     },
19 silly audit report     {
19 silly audit report       id: 1090199,
19 silly audit report       url: 'https://github.com/advisories/GHSA-h6q6-9hqw-rwfv',
19 silly audit report       title: 'Misinterpretation of malicious XML input',
19 silly audit report       severity: 'moderate',
19 silly audit report       vulnerable_versions: '<0.5.0',
19 silly audit report       cwe: [Array],
19 silly audit report       cvss: [Object]
19 silly audit report     },
19 silly audit report     {
19 silly audit report       id: 1091573,
19 silly audit report       url: 'https://github.com/advisories/GHSA-crh6-fp67-6883',
19 silly audit report       title: 'xmldom allows multiple root nodes in a DOM',
19 silly audit report       severity: 'critical',
19 silly audit report       vulnerable_versions: '<=0.6.0',
19 silly audit report       cwe: [Array],
19 silly audit report       cvss: [Object]
19 silly audit report     }
19 silly audit report   ]
19 silly audit report }
20 silly packumentCache corgi:https://registry.npmjs.org/got cache-miss
21 silly packumentCache corgi:https://registry.npmjs.org/jszip cache-miss
22 silly packumentCache corgi:https://registry.npmjs.org/marked cache-miss
23 silly packumentCache corgi:https://registry.npmjs.org/nth-check cache-miss
24 silly packumentCache corgi:https://registry.npmjs.org/textract cache-miss
25 silly packumentCache corgi:https://registry.npmjs.org/trim-newlines cache-miss
26 silly packumentCache corgi:https://registry.npmjs.org/xlsx cache-miss
27 silly packumentCache corgi:https://registry.npmjs.org/xml2js cache-miss
28 silly packumentCache corgi:https://registry.npmjs.org/xmldom cache-miss
29 http fetch GET 200 https://registry.npmjs.org/jszip 374ms (cache revalidated)
30 silly packumentCache corgi:https://registry.npmjs.org/jszip set size:48065 disposed:false
31 http fetch GET 200 https://registry.npmjs.org/xml2js 412ms (cache revalidated)
32 silly packumentCache corgi:https://registry.npmjs.org/xml2js set size:38207 disposed:false
33 http fetch GET 200 https://registry.npmjs.org/xmldom 415ms (cache revalidated)
34 silly packumentCache corgi:https://registry.npmjs.org/xmldom set size:30722 disposed:false
35 http fetch GET 200 https://registry.npmjs.org/trim-newlines 421ms (cache revalidated)
36 silly packumentCache corgi:https://registry.npmjs.org/trim-newlines set size:13898 disposed:false
37 http fetch GET 200 https://registry.npmjs.org/nth-check 423ms (cache revalidated)
38 silly packumentCache corgi:https://registry.npmjs.org/nth-check set size:12198 disposed:false
39 http fetch GET 200 https://registry.npmjs.org/xlsx 422ms (cache revalidated)
40 silly packumentCache corgi:https://registry.npmjs.org/xlsx set size:134408 disposed:false
41 http fetch GET 200 https://registry.npmjs.org/got 434ms (cache revalidated)
42 silly packumentCache corgi:https://registry.npmjs.org/got set size:361088 disposed:false
43 http fetch GET 200 https://registry.npmjs.org/textract 669ms (cache revalidated)
44 silly packumentCache corgi:https://registry.npmjs.org/textract set size:37620 disposed:false
45 http fetch GET 200 https://registry.npmjs.org/marked 673ms (cache revalidated)
46 silly packumentCache corgi:https://registry.npmjs.org/marked set size:330818 disposed:false
47 silly packumentCache corgi:https://registry.npmjs.org/css-select cache-miss
48 http fetch GET 200 https://registry.npmjs.org/css-select 98ms (cache revalidated)
49 silly packumentCache corgi:https://registry.npmjs.org/css-select set size:49649 disposed:false
50 silly packumentCache corgi:https://registry.npmjs.org/meow cache-miss
51 http fetch GET 200 https://registry.npmjs.org/meow 101ms (cache revalidated)
52 silly packumentCache corgi:https://registry.npmjs.org/meow set size:67201 disposed:false
53 silly packumentCache corgi:https://registry.npmjs.org/j cache-miss
54 http fetch GET 200 https://registry.npmjs.org/j 329ms (cache revalidated)
55 silly packumentCache corgi:https://registry.npmjs.org/j set size:33509 disposed:false
56 silly packumentCache corgi:https://registry.npmjs.org/epub2 cache-miss
57 http fetch GET 200 https://registry.npmjs.org/epub2 335ms (cache revalidated)
58 silly packumentCache corgi:https://registry.npmjs.org/epub2 set size:29030 disposed:false
59 silly packumentCache corgi:https://registry.npmjs.org/cheerio cache-miss
60 http fetch GET 200 https://registry.npmjs.org/cheerio 97ms (cache revalidated)
61 silly packumentCache corgi:https://registry.npmjs.org/cheerio set size:70560 disposed:false
62 verbose cwd C:\projects\genai\DOMAIN_SPECIFIC_RAG\frontend
63 verbose os Windows_NT 10.0.26200
64 verbose node v24.13.1
65 verbose npm  v11.15.0
66 verbose exit 0
67 info ok
