0 verbose cli C:\Program Files\nodejs\node.exe C:\Users\skk88\AppData\Roaming\npm\node_modules\npm\bin\npm-cli.js
1 info using npm@11.15.0
2 info using node@v24.13.1
3 silly config load:file:C:\Users\skk88\AppData\Roaming\npm\node_modules\npm\npmrc
4 silly config load:file:C:\projects\genai\DOMAIN_SPECIFIC_RAG\.npmrc
5 silly config load:file:C:\Users\skk88\.npmrc
6 silly config load:file:C:\Users\skk88\AppData\Roaming\npm\etc\npmrc
7 verbose title npm run install:all
8 verbose argv "run" "install:all"
9 verbose logfile logs-max:10 dir:C:\projects\genai\DOMAIN_SPECIFIC_RAG\clean\_logs\2026-06-01T17_14_25_121Z-
10 verbose logfile C:\projects\genai\DOMAIN_SPECIFIC_RAG\clean\_logs\2026-06-01T17_14_25_121Z-debug-0.log
11 silly logfile done cleaning log files
12 http fetch GET 200 https://registry.npmjs.org/npm 1088ms
13 verbose cwd C:\projects\genai\DOMAIN_SPECIFIC_RAG
14 verbose os Windows_NT 10.0.26200
15 verbose node v24.13.1
16 verbose npm  v11.15.0
17 notice
17 notice New minor version of npm available! 11.15.0 -> 11.16.0
17 notice Changelog: https://github.com/npm/cli/releases/tag/v11.16.0
17 notice To update run: npm install -g npm@11.16.0
17 notice  { force: true, Symbol(proc-log.meta): true }
18 verbose exit -4077
19 verbose code -4077
