0 verbose cli C:\Program Files\nodejs\node.exe C:\Users\skk88\AppData\Roaming\npm\node_modules\npm\bin\npm-cli.js
1 info using npm@11.15.0
2 info using node@v24.13.1
3 silly config load:file:C:\Users\skk88\AppData\Roaming\npm\node_modules\npm\npmrc
4 silly config load:file:C:\projects\genai\DOMAIN_SPECIFIC_RAG\.npmrc
5 silly config load:file:C:\Users\skk88\.npmrc
6 silly config load:file:C:\Users\skk88\AppData\Roaming\npm\etc\npmrc
7 verbose title npm install
8 verbose argv "install"
9 verbose logfile logs-max:10 dir:C:\projects\genai\DOMAIN_SPECIFIC_RAG\clean\_logs\2026-06-01T17_14_26_075Z-
10 verbose logfile C:\projects\genai\DOMAIN_SPECIFIC_RAG\clean\_logs\2026-06-01T17_14_26_075Z-debug-0.log
11 silly logfile done cleaning log files
12 silly packumentCache heap:4496293888 maxSize:1124073472 maxEntrySize:562036736
13 silly idealTree buildDeps
14 silly fetch manifest concurrently@^8.2.2
15 silly packumentCache full:https://registry.npmjs.org/concurrently cache-miss
16 http fetch GET 200 https://registry.npmjs.org/concurrently 656ms (cache miss)
17 silly packumentCache full:https://registry.npmjs.org/concurrently set size:undefined disposed:false
18 silly placeDep ROOT concurrently@8.2.2 OK for: domain-specific-rag@1.0.0 want: ^8.2.2
19 silly fetch manifest rxjs@^7.8.1
20 silly packumentCache full:https://registry.npmjs.org/rxjs cache-miss
21 silly fetch manifest chalk@^4.1.2
22 silly packumentCache full:https://registry.npmjs.org/chalk cache-miss
23 silly fetch manifest yargs@^17.7.2
24 silly packumentCache full:https://registry.npmjs.org/yargs cache-miss
25 silly fetch manifest lodash@^4.17.21
26 silly packumentCache full:https://registry.npmjs.org/lodash cache-miss
27 silly fetch manifest date-fns@^2.30.0
28 silly packumentCache full:https://registry.npmjs.org/date-fns cache-miss
29 silly fetch manifest tree-kill@^1.2.2
30 silly packumentCache full:https://registry.npmjs.org/tree-kill cache-miss
31 silly fetch manifest shell-quote@^1.8.1
32 silly packumentCache full:https://registry.npmjs.org/shell-quote cache-miss
33 silly fetch manifest spawn-command@0.0.2
34 silly packumentCache full:https://registry.npmjs.org/spawn-command cache-miss
35 silly fetch manifest supports-color@^8.1.1
36 silly packumentCache full:https://registry.npmjs.org/supports-color cache-miss
37 http fetch GET 200 https://registry.npmjs.org/rxjs 294ms (cache miss)
38 silly packumentCache full:https://registry.npmjs.org/rxjs set size:undefined disposed:false
39 http fetch GET 200 https://registry.npmjs.org/tree-kill 321ms (cache miss)
40 silly packumentCache full:https://registry.npmjs.org/tree-kill set size:undefined disposed:false
41 http fetch GET 200 https://registry.npmjs.org/spawn-command 349ms (cache miss)
42 silly packumentCache full:https://registry.npmjs.org/spawn-command set size:undefined disposed:false
43 http fetch GET 200 https://registry.npmjs.org/supports-color 385ms (cache miss)
44 silly packumentCache full:https://registry.npmjs.org/supports-color set size:undefined disposed:false
45 http fetch GET 200 https://registry.npmjs.org/lodash 440ms (cache miss)
46 silly packumentCache full:https://registry.npmjs.org/lodash set size:undefined disposed:false
47 http fetch GET 200 https://registry.npmjs.org/shell-quote 443ms (cache miss)
48 silly packumentCache full:https://registry.npmjs.org/shell-quote set size:undefined disposed:false
49 http fetch GET 200 https://registry.npmjs.org/chalk 500ms (cache miss)
50 silly packumentCache full:https://registry.npmjs.org/chalk set size:undefined disposed:false
51 http fetch GET 200 https://registry.npmjs.org/yargs 887ms (cache miss)
52 silly packumentCache full:https://registry.npmjs.org/yargs set size:undefined disposed:false
53 http fetch GET 200 https://registry.npmjs.org/date-fns 1514ms (cache miss)
54 silly packumentCache full:https://registry.npmjs.org/date-fns set size:undefined disposed:false
55 silly placeDep ROOT chalk@4.1.2 OK for: concurrently@8.2.2 want: ^4.1.2
56 silly placeDep ROOT date-fns@2.30.0 OK for: concurrently@8.2.2 want: ^2.30.0
57 silly placeDep ROOT lodash@4.18.1 OK for: concurrently@8.2.2 want: ^4.17.21
58 silly placeDep ROOT rxjs@7.8.2 OK for: concurrently@8.2.2 want: ^7.8.1
59 silly placeDep ROOT shell-quote@1.8.4 OK for: concurrently@8.2.2 want: ^1.8.1
60 silly placeDep ROOT spawn-command@0.0.2 OK for: concurrently@8.2.2 want: 0.0.2
61 silly placeDep ROOT supports-color@8.1.1 OK for: concurrently@8.2.2 want: ^8.1.1
62 silly placeDep ROOT tree-kill@1.2.2 OK for: concurrently@8.2.2 want: ^1.2.2
63 silly placeDep ROOT yargs@17.7.2 OK for: concurrently@8.2.2 want: ^17.7.2
64 silly fetch manifest ansi-styles@^4.1.0
65 silly packumentCache full:https://registry.npmjs.org/ansi-styles cache-miss
66 silly fetch manifest supports-color@^7.1.0
67 silly packumentCache full:https://registry.npmjs.org/supports-color cache-miss
68 silly fetch manifest @babel/runtime@^7.21.0
69 silly packumentCache full:https://registry.npmjs.org/@babel%2fruntime cache-miss
70 silly fetch manifest tslib@^2.1.0
71 silly packumentCache full:https://registry.npmjs.org/tslib cache-miss
72 silly fetch manifest has-flag@^4.0.0
73 silly packumentCache full:https://registry.npmjs.org/has-flag cache-miss
74 silly fetch manifest y18n@^5.0.5
75 silly packumentCache full:https://registry.npmjs.org/y18n cache-miss
76 silly fetch manifest cliui@^8.0.1
77 silly packumentCache full:https://registry.npmjs.org/cliui cache-miss
78 silly fetch manifest escalade@^3.1.1
79 silly packumentCache full:https://registry.npmjs.org/escalade cache-miss
80 silly fetch manifest string-width@^4.2.3
81 silly packumentCache full:https://registry.npmjs.org/string-width cache-miss
82 silly fetch manifest yargs-parser@^21.1.1
83 silly packumentCache full:https://registry.npmjs.org/yargs-parser cache-miss
84 silly fetch manifest get-caller-file@^2.0.5
85 silly packumentCache full:https://registry.npmjs.org/get-caller-file cache-miss
86 silly fetch manifest require-directory@^2.1.1
87 silly packumentCache full:https://registry.npmjs.org/require-directory cache-miss
88 http cache https://registry.npmjs.org/supports-color 44ms (cache hit)
89 silly packumentCache full:https://registry.npmjs.org/supports-color set size:118680 disposed:false
90 http fetch GET 200 https://registry.npmjs.org/has-flag 136ms (cache miss)
91 silly packumentCache full:https://registry.npmjs.org/has-flag set size:undefined disposed:false
92 http fetch GET 200 https://registry.npmjs.org/y18n 138ms (cache miss)
93 silly packumentCache full:https://registry.npmjs.org/y18n set size:undefined disposed:false
94 http fetch GET 200 https://registry.npmjs.org/escalade 153ms (cache miss)
95 silly packumentCache full:https://registry.npmjs.org/escalade set size:undefined disposed:false
96 http fetch GET 200 https://registry.npmjs.org/ansi-styles 182ms (cache miss)
97 silly packumentCache full:https://registry.npmjs.org/ansi-styles set size:undefined disposed:false
98 http fetch GET 200 https://registry.npmjs.org/string-width 203ms (cache miss)
99 silly packumentCache full:https://registry.npmjs.org/string-width set size:undefined disposed:false
100 http fetch GET 200 https://registry.npmjs.org/tslib 256ms (cache miss)
101 silly packumentCache full:https://registry.npmjs.org/tslib set size:undefined disposed:false
102 http fetch GET 200 https://registry.npmjs.org/cliui 261ms (cache miss)
103 silly packumentCache full:https://registry.npmjs.org/cliui set size:undefined disposed:false
104 http fetch GET 200 https://registry.npmjs.org/yargs-parser 270ms (cache miss)
105 silly packumentCache full:https://registry.npmjs.org/yargs-parser set size:undefined disposed:false
106 http fetch GET 200 https://registry.npmjs.org/get-caller-file 510ms (cache miss)
107 silly packumentCache full:https://registry.npmjs.org/get-caller-file set size:undefined disposed:false
108 http fetch GET 200 https://registry.npmjs.org/require-directory 522ms (cache miss)
109 silly packumentCache full:https://registry.npmjs.org/require-directory set size:undefined disposed:false
110 http fetch GET 200 https://registry.npmjs.org/@babel%2fruntime 533ms (cache miss)
111 silly packumentCache full:https://registry.npmjs.org/@babel%2fruntime set size:undefined disposed:false
112 silly placeDep ROOT ansi-styles@4.3.0 OK for: chalk@4.1.2 want: ^4.1.0
113 silly placeDep node_modules/chalk supports-color@7.2.0 OK for: chalk@4.1.2 want: ^7.1.0
114 silly fetch manifest color-convert@^2.0.1
115 silly packumentCache full:https://registry.npmjs.org/color-convert cache-miss
116 http fetch GET 200 https://registry.npmjs.org/color-convert 139ms (cache miss)
117 silly packumentCache full:https://registry.npmjs.org/color-convert set size:undefined disposed:false
118 silly placeDep ROOT color-convert@2.0.1 OK for: ansi-styles@4.3.0 want: ^2.0.1
119 silly fetch manifest color-name@~1.1.4
120 silly packumentCache full:https://registry.npmjs.org/color-name cache-miss
121 http fetch GET 200 https://registry.npmjs.org/color-name 103ms (cache miss)
122 silly packumentCache full:https://registry.npmjs.org/color-name set size:undefined disposed:false
123 silly placeDep ROOT color-name@1.1.4 OK for: color-convert@2.0.1 want: ~1.1.4
124 silly placeDep ROOT @babel/runtime@7.29.7 OK for: date-fns@2.30.0 want: ^7.21.0
125 silly placeDep ROOT tslib@2.8.1 OK for: rxjs@7.8.2 want: ^2.1.0
126 silly placeDep ROOT has-flag@4.0.0 OK for: supports-color@8.1.1 want: ^4.0.0
127 silly placeDep ROOT cliui@8.0.1 OK for: yargs@17.7.2 want: ^8.0.1
128 silly placeDep ROOT escalade@3.2.0 OK for: yargs@17.7.2 want: ^3.1.1
129 silly placeDep ROOT get-caller-file@2.0.5 OK for: yargs@17.7.2 want: ^2.0.5
130 silly placeDep ROOT require-directory@2.1.1 OK for: yargs@17.7.2 want: ^2.1.1
131 silly placeDep ROOT string-width@4.2.3 OK for: yargs@17.7.2 want: ^4.2.3
132 silly placeDep ROOT y18n@5.0.8 OK for: yargs@17.7.2 want: ^5.0.5
133 silly placeDep ROOT yargs-parser@21.1.1 OK for: yargs@17.7.2 want: ^21.1.1
134 silly fetch manifest wrap-ansi@^7.0.0
135 silly packumentCache full:https://registry.npmjs.org/wrap-ansi cache-miss
136 silly fetch manifest strip-ansi@^6.0.1
137 silly packumentCache full:https://registry.npmjs.org/strip-ansi cache-miss
138 silly fetch manifest string-width@^4.2.0
139 silly packumentCache full:https://registry.npmjs.org/string-width cache-miss
140 silly fetch manifest strip-ansi@^6.0.1
141 silly packumentCache full:https://registry.npmjs.org/strip-ansi cache-miss
142 silly fetch manifest emoji-regex@^8.0.0
143 silly packumentCache full:https://registry.npmjs.org/emoji-regex cache-miss
144 silly fetch manifest is-fullwidth-code-point@^3.0.0
145 silly packumentCache full:https://registry.npmjs.org/is-fullwidth-code-point cache-miss
146 http cache https://registry.npmjs.org/string-width 12ms (cache hit)
147 silly packumentCache full:https://registry.npmjs.org/string-width set size:70381 disposed:false
148 http fetch GET 200 https://registry.npmjs.org/is-fullwidth-code-point 141ms (cache miss)
149 silly packumentCache full:https://registry.npmjs.org/is-fullwidth-code-point set size:undefined disposed:false
150 http fetch GET 200 https://registry.npmjs.org/strip-ansi 145ms (cache miss)
151 silly packumentCache full:https://registry.npmjs.org/strip-ansi set size:undefined disposed:false
152 http fetch GET 200 https://registry.npmjs.org/strip-ansi 148ms (cache miss)
153 silly packumentCache full:https://registry.npmjs.org/strip-ansi set size:undefined disposed:false
154 http fetch GET 200 https://registry.npmjs.org/wrap-ansi 152ms (cache miss)
155 silly packumentCache full:https://registry.npmjs.org/wrap-ansi set size:undefined disposed:false
156 http fetch GET 200 https://registry.npmjs.org/emoji-regex 160ms (cache miss)
157 silly packumentCache full:https://registry.npmjs.org/emoji-regex set size:undefined disposed:false
158 silly placeDep ROOT strip-ansi@6.0.1 OK for: cliui@8.0.1 want: ^6.0.1
159 silly placeDep ROOT wrap-ansi@7.0.0 OK for: cliui@8.0.1 want: ^7.0.0
160 silly fetch manifest ansi-regex@^5.0.1
161 silly packumentCache full:https://registry.npmjs.org/ansi-regex cache-miss
162 http fetch GET 200 https://registry.npmjs.org/ansi-regex 95ms (cache miss)
163 silly packumentCache full:https://registry.npmjs.org/ansi-regex set size:undefined disposed:false
164 silly placeDep ROOT emoji-regex@8.0.0 OK for: string-width@4.2.3 want: ^8.0.0
165 silly placeDep ROOT is-fullwidth-code-point@3.0.0 OK for: string-width@4.2.3 want: ^3.0.0
166 silly placeDep ROOT ansi-regex@5.0.1 OK for: strip-ansi@6.0.1 want: ^5.0.1
167 silly reify moves {}
168 silly audit bulk request {
168 silly audit   concurrently: [ '8.2.2' ],
168 silly audit   chalk: [ '4.1.2' ],
168 silly audit   'date-fns': [ '2.30.0' ],
168 silly audit   lodash: [ '4.18.1' ],
168 silly audit   rxjs: [ '7.8.2' ],
168 silly audit   'shell-quote': [ '1.8.4' ],
168 silly audit   'spawn-command': [ '0.0.2' ],
168 silly audit   'supports-color': [ '8.1.1', '7.2.0' ],
168 silly audit   'tree-kill': [ '1.2.2' ],
168 silly audit   yargs: [ '17.7.2' ],
168 silly audit   'ansi-styles': [ '4.3.0' ],
168 silly audit   'color-convert': [ '2.0.1' ],
168 silly audit   'color-name': [ '1.1.4' ],
168 silly audit   '@babel/runtime': [ '7.29.7' ],
168 silly audit   tslib: [ '2.8.1' ],
168 silly audit   'has-flag': [ '4.0.0' ],
168 silly audit   cliui: [ '8.0.1' ],
168 silly audit   escalade: [ '3.2.0' ],
168 silly audit   'get-caller-file': [ '2.0.5' ],
168 silly audit   'require-directory': [ '2.1.1' ],
168 silly audit   'string-width': [ '4.2.3' ],
168 silly audit   y18n: [ '5.0.8' ],
168 silly audit   'yargs-parser': [ '21.1.1' ],
168 silly audit   'strip-ansi': [ '6.0.1' ],
168 silly audit   'wrap-ansi': [ '7.0.0' ],
168 silly audit   'emoji-regex': [ '8.0.0' ],
168 silly audit   'is-fullwidth-code-point': [ '3.0.0' ],
168 silly audit   'ansi-regex': [ '5.0.1' ]
168 silly audit }
169 http cache ansi-regex@https://registry.npmjs.org/ansi-regex/-/ansi-regex-5.0.1.tgz 0ms (cache hit)
170 http cache is-fullwidth-code-point@https://registry.npmjs.org/is-fullwidth-code-point/-/is-fullwidth-code-point-3.0.0.tgz 0ms (cache hit)
171 http cache wrap-ansi@https://registry.npmjs.org/wrap-ansi/-/wrap-ansi-7.0.0.tgz 0ms (cache hit)
172 http cache emoji-regex@https://registry.npmjs.org/emoji-regex/-/emoji-regex-8.0.0.tgz 0ms (cache hit)
173 http cache yargs-parser@https://registry.npmjs.org/yargs-parser/-/yargs-parser-21.1.1.tgz 0ms (cache hit)
174 http cache y18n@https://registry.npmjs.org/y18n/-/y18n-5.0.8.tgz 0ms (cache hit)
175 http cache strip-ansi@https://registry.npmjs.org/strip-ansi/-/strip-ansi-6.0.1.tgz 0ms (cache hit)
176 http cache string-width@https://registry.npmjs.org/string-width/-/string-width-4.2.3.tgz 0ms (cache hit)
177 http cache get-caller-file@https://registry.npmjs.org/get-caller-file/-/get-caller-file-2.0.5.tgz 0ms (cache hit)
178 http cache escalade@https://registry.npmjs.org/escalade/-/escalade-3.2.0.tgz 0ms (cache hit)
179 http cache cliui@https://registry.npmjs.org/cliui/-/cliui-8.0.1.tgz 0ms (cache hit)
180 http cache require-directory@https://registry.npmjs.org/require-directory/-/require-directory-2.1.1.tgz 0ms (cache hit)
181 http cache @babel/runtime@https://registry.npmjs.org/@babel/runtime/-/runtime-7.29.7.tgz 0ms (cache hit)
182 http cache tslib@https://registry.npmjs.org/tslib/-/tslib-2.8.1.tgz 0ms (cache hit)
183 http cache has-flag@https://registry.npmjs.org/has-flag/-/has-flag-4.0.0.tgz 0ms (cache hit)
184 http cache color-name@https://registry.npmjs.org/color-name/-/color-name-1.1.4.tgz 0ms (cache hit)
185 http cache color-convert@https://registry.npmjs.org/color-convert/-/color-convert-2.0.1.tgz 0ms (cache hit)
186 http cache ansi-styles@https://registry.npmjs.org/ansi-styles/-/ansi-styles-4.3.0.tgz 0ms (cache hit)
187 http cache tree-kill@https://registry.npmjs.org/tree-kill/-/tree-kill-1.2.2.tgz 0ms (cache hit)
188 http cache yargs@https://registry.npmjs.org/yargs/-/yargs-17.7.2.tgz 0ms (cache hit)
189 http cache supports-color@https://registry.npmjs.org/supports-color/-/supports-color-8.1.1.tgz 0ms (cache hit)
190 http cache spawn-command@https://registry.npmjs.org/spawn-command/-/spawn-command-0.0.2.tgz 0ms (cache hit)
191 http cache rxjs@https://registry.npmjs.org/rxjs/-/rxjs-7.8.2.tgz 0ms (cache hit)
192 http cache shell-quote@https://registry.npmjs.org/shell-quote/-/shell-quote-1.8.4.tgz 0ms (cache hit)
193 http cache lodash@https://registry.npmjs.org/lodash/-/lodash-4.18.1.tgz 0ms (cache hit)
194 http cache date-fns@https://registry.npmjs.org/date-fns/-/date-fns-2.30.0.tgz 0ms (cache hit)
195 silly tarball no local data for ansi-regex@https://registry.npmjs.org/ansi-regex/-/ansi-regex-5.0.1.tgz. Extracting by manifest.
196 silly tarball no local data for is-fullwidth-code-point@https://registry.npmjs.org/is-fullwidth-code-point/-/is-fullwidth-code-point-3.0.0.tgz. Extracting by manifest.
197 silly tarball no local data for wrap-ansi@https://registry.npmjs.org/wrap-ansi/-/wrap-ansi-7.0.0.tgz. Extracting by manifest.
198 silly tarball no local data for emoji-regex@https://registry.npmjs.org/emoji-regex/-/emoji-regex-8.0.0.tgz. Extracting by manifest.
199 silly tarball no local data for yargs-parser@https://registry.npmjs.org/yargs-parser/-/yargs-parser-21.1.1.tgz. Extracting by manifest.
200 silly tarball no local data for y18n@https://registry.npmjs.org/y18n/-/y18n-5.0.8.tgz. Extracting by manifest.
201 silly tarball no local data for strip-ansi@https://registry.npmjs.org/strip-ansi/-/strip-ansi-6.0.1.tgz. Extracting by manifest.
202 silly tarball no local data for string-width@https://registry.npmjs.org/string-width/-/string-width-4.2.3.tgz. Extracting by manifest.
203 silly tarball no local data for get-caller-file@https://registry.npmjs.org/get-caller-file/-/get-caller-file-2.0.5.tgz. Extracting by manifest.
204 http cache supports-color@https://registry.npmjs.org/supports-color/-/supports-color-7.2.0.tgz 0ms (cache hit)
205 silly tarball no local data for escalade@https://registry.npmjs.org/escalade/-/escalade-3.2.0.tgz. Extracting by manifest.
206 silly tarball no local data for cliui@https://registry.npmjs.org/cliui/-/cliui-8.0.1.tgz. Extracting by manifest.
207 silly tarball no local data for require-directory@https://registry.npmjs.org/require-directory/-/require-directory-2.1.1.tgz. Extracting by manifest.
208 silly tarball no local data for @babel/runtime@https://registry.npmjs.org/@babel/runtime/-/runtime-7.29.7.tgz. Extracting by manifest.
209 silly tarball no local data for tslib@https://registry.npmjs.org/tslib/-/tslib-2.8.1.tgz. Extracting by manifest.
210 silly tarball no local data for has-flag@https://registry.npmjs.org/has-flag/-/has-flag-4.0.0.tgz. Extracting by manifest.
211 silly tarball no local data for color-name@https://registry.npmjs.org/color-name/-/color-name-1.1.4.tgz. Extracting by manifest.
212 silly tarball no local data for color-convert@https://registry.npmjs.org/color-convert/-/color-convert-2.0.1.tgz. Extracting by manifest.
213 silly tarball no local data for ansi-styles@https://registry.npmjs.org/ansi-styles/-/ansi-styles-4.3.0.tgz. Extracting by manifest.
214 silly tarball no local data for tree-kill@https://registry.npmjs.org/tree-kill/-/tree-kill-1.2.2.tgz. Extracting by manifest.
215 silly tarball no local data for yargs@https://registry.npmjs.org/yargs/-/yargs-17.7.2.tgz. Extracting by manifest.
216 silly tarball no local data for supports-color@https://registry.npmjs.org/supports-color/-/supports-color-8.1.1.tgz. Extracting by manifest.
217 silly tarball no local data for spawn-command@https://registry.npmjs.org/spawn-command/-/spawn-command-0.0.2.tgz. Extracting by manifest.
218 silly tarball no local data for rxjs@https://registry.npmjs.org/rxjs/-/rxjs-7.8.2.tgz. Extracting by manifest.
219 silly tarball no local data for shell-quote@https://registry.npmjs.org/shell-quote/-/shell-quote-1.8.4.tgz. Extracting by manifest.
220 silly tarball no local data for lodash@https://registry.npmjs.org/lodash/-/lodash-4.18.1.tgz. Extracting by manifest.
221 silly tarball no local data for date-fns@https://registry.npmjs.org/date-fns/-/date-fns-2.30.0.tgz. Extracting by manifest.
222 http cache concurrently@https://registry.npmjs.org/concurrently/-/concurrently-8.2.2.tgz 0ms (cache hit)
223 http cache chalk@https://registry.npmjs.org/chalk/-/chalk-4.1.2.tgz 0ms (cache hit)
224 silly tarball no local data for supports-color@https://registry.npmjs.org/supports-color/-/supports-color-7.2.0.tgz. Extracting by manifest.
225 silly tarball no local data for concurrently@https://registry.npmjs.org/concurrently/-/concurrently-8.2.2.tgz. Extracting by manifest.
226 silly tarball no local data for chalk@https://registry.npmjs.org/chalk/-/chalk-4.1.2.tgz. Extracting by manifest.
227 http fetch GET 200 https://registry.npmjs.org/escalade/-/escalade-3.2.0.tgz 199ms (cache miss)
228 http fetch GET 200 https://registry.npmjs.org/strip-ansi/-/strip-ansi-6.0.1.tgz 207ms (cache miss)
229 http fetch GET 200 https://registry.npmjs.org/is-fullwidth-code-point/-/is-fullwidth-code-point-3.0.0.tgz 212ms (cache miss)
230 http fetch GET 200 https://registry.npmjs.org/wrap-ansi/-/wrap-ansi-7.0.0.tgz 213ms (cache miss)
231 http fetch GET 200 https://registry.npmjs.org/string-width/-/string-width-4.2.3.tgz 219ms (cache miss)
232 http fetch GET 200 https://registry.npmjs.org/get-caller-file/-/get-caller-file-2.0.5.tgz 221ms (cache miss)
233 http fetch GET 200 https://registry.npmjs.org/ansi-regex/-/ansi-regex-5.0.1.tgz 232ms (cache miss)
234 http fetch GET 200 https://registry.npmjs.org/color-name/-/color-name-1.1.4.tgz 245ms (cache miss)
235 http fetch GET 200 https://registry.npmjs.org/has-flag/-/has-flag-4.0.0.tgz 257ms (cache miss)
236 http fetch GET 200 https://registry.npmjs.org/emoji-regex/-/emoji-regex-8.0.0.tgz 267ms (cache miss)
237 http fetch GET 200 https://registry.npmjs.org/ansi-styles/-/ansi-styles-4.3.0.tgz 259ms (cache miss)
238 http fetch GET 200 https://registry.npmjs.org/tree-kill/-/tree-kill-1.2.2.tgz 260ms (cache miss)
239 http fetch GET 200 https://registry.npmjs.org/spawn-command/-/spawn-command-0.0.2.tgz 262ms (cache miss)
240 http fetch GET 200 https://registry.npmjs.org/color-convert/-/color-convert-2.0.1.tgz 278ms (cache miss)
241 http fetch GET 200 https://registry.npmjs.org/supports-color/-/supports-color-8.1.1.tgz 275ms (cache miss)
242 http fetch GET 200 https://registry.npmjs.org/y18n/-/y18n-5.0.8.tgz 287ms (cache miss)
243 http fetch GET 200 https://registry.npmjs.org/yargs-parser/-/yargs-parser-21.1.1.tgz 314ms (cache miss)
244 http fetch GET 200 https://registry.npmjs.org/shell-quote/-/shell-quote-1.8.4.tgz 370ms (cache miss)
245 http fetch GET 200 https://registry.npmjs.org/supports-color/-/supports-color-7.2.0.tgz 456ms (cache miss)
246 http fetch GET 200 https://registry.npmjs.org/yargs/-/yargs-17.7.2.tgz 499ms (cache miss)
247 http fetch POST 200 https://registry.npmjs.org/-/npm/v1/security/advisories/bulk 570ms
248 silly audit report {}
249 http fetch GET 200 https://registry.npmjs.org/require-directory/-/require-directory-2.1.1.tgz 557ms (cache miss)
250 http fetch GET 200 https://registry.npmjs.org/chalk/-/chalk-4.1.2.tgz 641ms (cache miss)
251 http fetch GET 200 https://registry.npmjs.org/cliui/-/cliui-8.0.1.tgz 715ms (cache miss)
252 http fetch GET 200 https://registry.npmjs.org/tslib/-/tslib-2.8.1.tgz 736ms (cache miss)
253 http fetch GET 200 https://registry.npmjs.org/concurrently/-/concurrently-8.2.2.tgz 780ms (cache miss)
254 http fetch GET 200 https://registry.npmjs.org/@babel/runtime/-/runtime-7.29.7.tgz 1306ms (cache miss)
255 http fetch GET 200 https://registry.npmjs.org/lodash/-/lodash-4.18.1.tgz 2431ms (cache miss)
256 http fetch GET 200 https://registry.npmjs.org/rxjs/-/rxjs-7.8.2.tgz 8287ms (cache miss)
257 http fetch GET 200 https://registry.npmjs.org/date-fns/-/date-fns-2.30.0.tgz 15339ms (cache miss)
258 silly ADD node_modules/ansi-regex
259 silly ADD node_modules/is-fullwidth-code-point
260 silly ADD node_modules/emoji-regex
261 silly ADD node_modules/wrap-ansi
262 silly ADD node_modules/strip-ansi
263 silly ADD node_modules/yargs-parser
264 silly ADD node_modules/y18n
265 silly ADD node_modules/string-width
266 silly ADD node_modules/require-directory
267 silly ADD node_modules/get-caller-file
268 silly ADD node_modules/escalade
269 silly ADD node_modules/cliui
270 silly ADD node_modules/has-flag
271 silly ADD node_modules/tslib
272 silly ADD node_modules/@babel/runtime
273 silly ADD node_modules/color-name
274 silly ADD node_modules/color-convert
275 silly ADD node_modules/ansi-styles
276 silly ADD node_modules/yargs
277 silly ADD node_modules/tree-kill
278 silly ADD node_modules/supports-color
279 silly ADD node_modules/spawn-command
280 silly ADD node_modules/shell-quote
281 silly ADD node_modules/rxjs
282 silly ADD node_modules/lodash
283 silly ADD node_modules/date-fns
284 silly ADD node_modules/chalk
285 silly ADD node_modules/chalk/node_modules/supports-color
286 silly ADD node_modules/concurrently
287 verbose cwd C:\projects\genai\DOMAIN_SPECIFIC_RAG
288 verbose os Windows_NT 10.0.26200
289 verbose node v24.13.1
290 verbose npm  v11.15.0
291 verbose exit 0
292 info ok
